#
# There is insufficient memory for the Java Runtime Environment to continue.
# Native memory allocation (malloc) failed to allocate 1971696 bytes for Chunk::new
# Possible reasons:
#   The system is out of physical RAM or swap space
#   The process is running with CompressedOops enabled, and the Java Heap may be blocking the growth of the native heap
# Possible solutions:
#   Reduce memory load on the system
#   Increase physical memory or swap space
#   Check if swap backing store is full
#   Decrease Java heap size (-Xmx/-Xms)
#   Decrease number of Java threads
#   Decrease Java thread stack sizes (-Xss)
#   Set larger code cache with -XX:ReservedCodeCacheSize=
#   JVM is running with Zero Based Compressed Oops mode in which the Java heap is
#     placed in the first 32GB address space. The Java Heap base address is the
#     maximum limit for the native heap growth. Please use -XX:HeapBaseMinAddress
#     to set the Java Heap base and to place the Java Heap above 32GB virtual address.
# This output file may be truncated or incomplete.
#
#  Out of Memory Error (arena.cpp:189), pid=6352, tid=21204
#
# JRE version: Java(TM) SE Runtime Environment (17.0.11+7) (build 17.0.11+7-LTS-207)
# Java VM: Java HotSpot(TM) 64-Bit Server VM (17.0.11+7-LTS-207, mixed mode, sharing, tiered, compressed oops, compressed class ptrs, g1 gc, windows-amd64)
# No core dump will be written. Minidumps are not enabled by default on client versions of Windows
#

---------------  S U M M A R Y ------------

Command Line: --add-opens=java.base/java.lang=ALL-UNNAMED --add-opens=java.base/java.lang.invoke=ALL-UNNAMED --add-opens=java.base/java.util=ALL-UNNAMED --add-opens=java.prefs/java.util.prefs=ALL-UNNAMED --add-exports=jdk.compiler/com.sun.tools.javac.api=ALL-UNNAMED --add-exports=jdk.compiler/com.sun.tools.javac.util=ALL-UNNAMED --add-opens=java.base/java.util=ALL-UNNAMED --add-opens=java.prefs/java.util.prefs=ALL-UNNAMED --add-opens=java.base/java.nio.charset=ALL-UNNAMED --add-opens=java.base/java.net=ALL-UNNAMED --add-opens=java.base/java.util.concurrent=ALL-UNNAMED --add-opens=java.base/java.util.concurrent.atomic=ALL-UNNAMED --add-opens=java.xml/javax.xml.namespace=ALL-UNNAMED -XX:MaxMetaspaceSize=512m -Xmx4096m -Dfile.encoding=windows-1252 -Duser.country=US -Duser.language=en -Duser.variant -javaagent:C:\Users\haris\.gradle\wrapper\dists\gradle-9.0.0-bin\d6wjpkvcgsg3oed0qlfss3wgl\gradle-9.0.0\lib\agents\gradle-instrumentation-agent-9.0.0.jar org.gradle.launcher.daemon.bootstrap.GradleDaemon 9.0.0

Host: AMD Ryzen 3 3250U with Radeon Graphics         , 4 cores, 5G,  Windows 11 , 64 bit Build 26100 (10.0.26100.8737)
Time: Sun Jun 28 14:08:21 2026 India Standard Time elapsed time: 131.490373 seconds (0d 0h 2m 11s)

---------------  T H R E A D  ---------------

Current thread (0x0000024958a56450):  JavaThread "C2 CompilerThread0" daemon [_thread_in_native, id=21204, stack(0x000000f44ed00000,0x000000f44ee00000)]


Current CompileTask:
C2: 131490 17313   !   4       org.gradle.cache.internal.DefaultFileLockManager$DefaultFileLock::doWriteAction (66 bytes)

Stack: [0x000000f44ed00000,0x000000f44ee00000]
Native frames: (J=compiled Java code, j=interpreted, Vv=VM code, C=native code)
V  [jvm.dll+0x679cca]
V  [jvm.dll+0x7da13d]
V  [jvm.dll+0x7dba83]
V  [jvm.dll+0x7dc0f3]
V  [jvm.dll+0x2449af]
V  [jvm.dll+0xab83b]
V  [jvm.dll+0xabe1c]
V  [jvm.dll+0x36155f]
V  [jvm.dll+0x32bd61]
V  [jvm.dll+0x32b1fa]
V  [jvm.dll+0x2161df]
V  [jvm.dll+0x21560f]
V  [jvm.dll+0x1a2040]
V  [jvm.dll+0x225a2b]
V  [jvm.dll+0x223bcb]
V  [jvm.dll+0x7903ec]
V  [jvm.dll+0x78a85a]
V  [jvm.dll+0x678bb5]
C  [ucrtbase.dll+0x2cd30]
C  [KERNEL32.DLL+0x2e957]
C  [ntdll.dll+0xaad6c]


---------------  P R O C E S S  ---------------

Threads class SMR info:
_java_thread_list=0x00000249005c3520, length=69, elements={
0x00000249364e98e0, 0x0000024958a32750, 0x0000024958a359b0, 0x0000024958a4ea80,
0x0000024958a4ef60, 0x0000024958a51450, 0x0000024958a51930, 0x0000024958a56450,
0x0000024958a5a110, 0x0000024958a62100, 0x0000024958a1ec20, 0x0000024958cf9f50,
0x000002497820e0a0, 0x0000024978dba080, 0x00000249780af150, 0x0000024958e7c010,
0x0000024958e7c8c0, 0x000002497962ea90, 0x0000024979631820, 0x0000024979630e00,
0x0000024979631310, 0x000002497962efa0, 0x000002497962fed0, 0x00000249796303e0,
0x000002497962e070, 0x000002497962e580, 0x000002497962f4b0, 0x00000249796308f0,
0x000002497962f9c0, 0x000002497baa5a80, 0x000002497baa5f90, 0x000002497baa8300,
0x000002497baa5570, 0x000002497baa73d0, 0x000002497baa64a0, 0x000002497baa78e0,
0x000002497baa6ec0, 0x000002497baa8810, 0x000002497baa7df0, 0x000002497baa5060,
0x000002497baaab80, 0x000002497baac4d0, 0x000002497baabab0, 0x000002497baa9230,
0x000002497baaa670, 0x000002497b51c170, 0x000002497b5198f0, 0x000002497b51b240,
0x000002497b5193e0, 0x000002497b51cb90, 0x000002497b51ad30, 0x000002497b51d5b0,
0x000002497b51a820, 0x000002497b51dac0, 0x000002497b51b750, 0x000002497b51a310,
0x000002497b51dfd0, 0x000002497b51e4e0, 0x000002497b520d60, 0x000002497b51ef00,
0x000002497b51fe30, 0x000002497b51f410, 0x000002497b51f920, 0x000002497c1563a0,
0x000002497c153b20, 0x000002497c154540, 0x000002497c15a060, 0x000002497c159640,
0x000002497c15a570
}

Java Threads: ( => current thread )
  0x00000249364e98e0 JavaThread "main" [_thread_blocked, id=5412, stack(0x000000f44e000000,0x000000f44e100000)]
  0x0000024958a32750 JavaThread "Reference Handler" daemon [_thread_blocked, id=2352, stack(0x000000f44e700000,0x000000f44e800000)]
  0x0000024958a359b0 JavaThread "Finalizer" daemon [_thread_blocked, id=17260, stack(0x000000f44e800000,0x000000f44e900000)]
  0x0000024958a4ea80 JavaThread "Signal Dispatcher" daemon [_thread_blocked, id=5280, stack(0x000000f44e900000,0x000000f44ea00000)]
  0x0000024958a4ef60 JavaThread "Attach Listener" daemon [_thread_blocked, id=24236, stack(0x000000f44ea00000,0x000000f44eb00000)]
  0x0000024958a51450 JavaThread "Service Thread" daemon [_thread_blocked, id=19804, stack(0x000000f44eb00000,0x000000f44ec00000)]
  0x0000024958a51930 JavaThread "Monitor Deflation Thread" daemon [_thread_blocked, id=14328, stack(0x000000f44ec00000,0x000000f44ed00000)]
=>0x0000024958a56450 JavaThread "C2 CompilerThread0" daemon [_thread_in_native, id=21204, stack(0x000000f44ed00000,0x000000f44ee00000)]
  0x0000024958a5a110 JavaThread "C1 CompilerThread0" daemon [_thread_blocked, id=2396, stack(0x000000f44ee00000,0x000000f44ef00000)]
  0x0000024958a62100 JavaThread "Sweeper thread" daemon [_thread_blocked, id=18068, stack(0x000000f44ef00000,0x000000f44f000000)]
  0x0000024958a1ec20 JavaThread "Common-Cleaner" daemon [_thread_blocked, id=16276, stack(0x000000f44f000000,0x000000f44f100000)]
  0x0000024958cf9f50 JavaThread "Notification Thread" daemon [_thread_blocked, id=22484, stack(0x000000f44f100000,0x000000f44f200000)]
  0x000002497820e0a0 JavaThread "Daemon health stats" [_thread_blocked, id=9392, stack(0x000000f44f600000,0x000000f44f700000)]
  0x0000024978dba080 JavaThread "Incoming local TCP Connector on port 57494" [_thread_in_native, id=8484, stack(0x000000f44f700000,0x000000f44f800000)]
  0x00000249780af150 JavaThread "Daemon periodic checks" [_thread_blocked, id=14568, stack(0x000000f44f800000,0x000000f44f900000)]
  0x0000024958e7c010 JavaThread "Daemon" [_thread_blocked, id=23240, stack(0x000000f44f900000,0x000000f44fa00000)]
  0x0000024958e7c8c0 JavaThread "Handler for socket connection from /127.0.0.1:57494 to /127.0.0.1:57495" [_thread_in_native, id=24144, stack(0x000000f44fa00000,0x000000f44fb00000)]
  0x000002497962ea90 JavaThread "Cancel handler" [_thread_blocked, id=20868, stack(0x000000f44fb00000,0x000000f44fc00000)]
  0x0000024979631820 JavaThread "Daemon worker" [_thread_in_Java, id=15508, stack(0x000000f44fc00000,0x000000f44fd00000)]
  0x0000024979630e00 JavaThread "Asynchronous log dispatcher for DefaultDaemonConnection: socket connection from /127.0.0.1:57494 to /127.0.0.1:57495" [_thread_blocked, id=21200, stack(0x000000f44fd00000,0x000000f44fe00000)]
  0x0000024979631310 JavaThread "Stdin handler" [_thread_blocked, id=22928, stack(0x000000f44fe00000,0x000000f44ff00000)]
  0x000002497962efa0 JavaThread "Daemon client event forwarder" [_thread_blocked, id=14080, stack(0x000000f44ff00000,0x000000f450000000)]
  0x000002497962fed0 JavaThread "Cache worker for journal cache (C:\Users\haris\.gradle\caches\journal-1)" [_thread_blocked, id=22324, stack(0x000000f450100000,0x000000f450200000)]
  0x00000249796303e0 JavaThread "File lock request listener" [_thread_in_native, id=23820, stack(0x000000f450200000,0x000000f450300000)]
  0x000002497962e070 JavaThread "Cache worker for file hash cache (C:\Users\haris\.gradle\caches\9.0.0\fileHashes)" [_thread_blocked, id=22596, stack(0x000000f450000000,0x000000f450100000)]
  0x000002497962e580 JavaThread "Cache worker for file hash cache (D:\vite_react_to_react_native_cli_android_and_web\Admin\android\.gradle\9.0.0\fileHashes)" [_thread_blocked, id=24100, stack(0x000000f450400000,0x000000f450500000)]
  0x000002497962f4b0 JavaThread "Cache worker for Build Output Cleanup Cache (D:\vite_react_to_react_native_cli_android_and_web\Admin\android\.gradle\buildOutputCleanup)" [_thread_blocked, id=23152, stack(0x000000f450500000,0x000000f450600000)]
  0x00000249796308f0 JavaThread "File watcher server" daemon [_thread_in_native, id=21988, stack(0x000000f450600000,0x000000f450700000)]
  0x000002497962f9c0 JavaThread "File watcher consumer" daemon [_thread_blocked, id=15076, stack(0x000000f450700000,0x000000f450800000)]
  0x000002497baa5a80 JavaThread "Cache worker for checksums cache (D:\vite_react_to_react_native_cli_android_and_web\Admin\android\.gradle\9.0.0\checksums)" [_thread_blocked, id=11648, stack(0x000000f450800000,0x000000f450900000)]
  0x000002497baa5f90 JavaThread "Cache worker for file content cache (C:\Users\haris\.gradle\caches\9.0.0\fileContent)" [_thread_blocked, id=23756, stack(0x000000f450300000,0x000000f450400000)]
  0x000002497baa8300 JavaThread "Cache worker for cache directory md-supplier (C:\Users\haris\.gradle\caches\9.0.0\md-supplier)" [_thread_blocked, id=17724, stack(0x000000f450a00000,0x000000f450b00000)]
  0x000002497baa5570 JavaThread "Cache worker for cache directory md-rule (C:\Users\haris\.gradle\caches\9.0.0\md-rule)" [_thread_blocked, id=12684, stack(0x000000f450b00000,0x000000f450c00000)]
  0x000002497baa73d0 JavaThread "jar transforms" [_thread_blocked, id=17732, stack(0x000000f450c00000,0x000000f450d00000)]
  0x000002497baa64a0 JavaThread "Cache worker for Build Output Cleanup Cache (D:\vite_react_to_react_native_cli_android_and_web\Admin\node_modules\@react-native\gradle-plugin\.gradle\buildOutputCleanup)" [_thread_blocked, id=17720, stack(0x000000f450900000,0x000000f450a00000)]
  0x000002497baa78e0 JavaThread "Unconstrained build operations" [_thread_blocked, id=22676, stack(0x000000f450d00000,0x000000f450e00000)]
  0x000002497baa6ec0 JavaThread "Unconstrained build operations Thread 2" [_thread_blocked, id=10440, stack(0x000000f450e00000,0x000000f450f00000)]
  0x000002497baa8810 JavaThread "Unconstrained build operations Thread 3" [_thread_blocked, id=19164, stack(0x000000f450f00000,0x000000f451000000)]
  0x000002497baa7df0 JavaThread "Unconstrained build operations Thread 4" [_thread_blocked, id=21212, stack(0x000000f451000000,0x000000f451100000)]
  0x000002497baa5060 JavaThread "Unconstrained build operations Thread 5" [_thread_blocked, id=23676, stack(0x000000f44dd00000,0x000000f44de00000)]
  0x000002497baaab80 JavaThread "Unconstrained build operations Thread 6" [_thread_blocked, id=13220, stack(0x000000f451100000,0x000000f451200000)]
  0x000002497baac4d0 JavaThread "build event listener" [_thread_blocked, id=10068, stack(0x000000f451400000,0x000000f451500000)]
  0x000002497baabab0 JavaThread "Memory manager" [_thread_blocked, id=23128, stack(0x000000f451500000,0x000000f451600000)]
  0x000002497baa9230 JavaThread "ForkJoinPool.commonPool-worker-1" daemon [_thread_blocked, id=23432, stack(0x000000f451700000,0x000000f451800000)]
  0x000002497baaa670 JavaThread "ForkJoinPool.commonPool-worker-2" daemon [_thread_blocked, id=4408, stack(0x000000f451800000,0x000000f451900000)]
  0x000002497b51c170 JavaThread "Execution worker" [_thread_blocked, id=24540, stack(0x000000f451b00000,0x000000f451c00000)]
  0x000002497b5198f0 JavaThread "Cache worker for execution history cache (D:\vite_react_to_react_native_cli_android_and_web\Admin\node_modules\@react-native\gradle-plugin\.gradle\9.0.0\executionHistory)" [_thread_blocked, id=9492, stack(0x000000f451c00000,0x000000f451d00000)]
  0x000002497b51b240 JavaThread "Unconstrained build operations Thread 7" [_thread_blocked, id=20028, stack(0x000000f451600000,0x000000f451700000)]
  0x000002497b5193e0 JavaThread "Unconstrained build operations Thread 8" [_thread_blocked, id=1576, stack(0x000000f451d00000,0x000000f451e00000)]
  0x000002497b51cb90 JavaThread "Unconstrained build operations Thread 9" [_thread_blocked, id=2120, stack(0x000000f451e00000,0x000000f451f00000)]
  0x000002497b51ad30 JavaThread "Unconstrained build operations Thread 10" [_thread_blocked, id=21224, stack(0x000000f451f00000,0x000000f452000000)]
  0x000002497b51d5b0 JavaThread "Unconstrained build operations Thread 11" [_thread_blocked, id=15588, stack(0x000000f452000000,0x000000f452100000)]
  0x000002497b51a820 JavaThread "Unconstrained build operations Thread 12" [_thread_blocked, id=17660, stack(0x000000f452100000,0x000000f452200000)]
  0x000002497b51dac0 JavaThread "Unconstrained build operations Thread 13" [_thread_blocked, id=23012, stack(0x000000f452200000,0x000000f452300000)]
  0x000002497b51b750 JavaThread "Unconstrained build operations Thread 14" [_thread_blocked, id=23092, stack(0x000000f452300000,0x000000f452400000)]
  0x000002497b51a310 JavaThread "jar transforms Thread 2" [_thread_blocked, id=1176, stack(0x000000f452400000,0x000000f452500000)]
  0x000002497b51dfd0 JavaThread "jar transforms Thread 3" [_thread_blocked, id=23064, stack(0x000000f452600000,0x000000f452700000)]
  0x000002497b51e4e0 JavaThread "Unconstrained build operations Thread 15" [_thread_blocked, id=13192, stack(0x000000f452500000,0x000000f452600000)]
  0x000002497b520d60 JavaThread "Unconstrained build operations Thread 16" [_thread_blocked, id=10304, stack(0x000000f452700000,0x000000f452800000)]
  0x000002497b51ef00 JavaThread "Unconstrained build operations Thread 17" [_thread_blocked, id=23408, stack(0x000000f452800000,0x000000f452900000)]
  0x000002497b51fe30 JavaThread "Unconstrained build operations Thread 18" [_thread_blocked, id=3116, stack(0x000000f452900000,0x000000f452a00000)]
  0x000002497b51f410 JavaThread "Unconstrained build operations Thread 19" [_thread_blocked, id=22308, stack(0x000000f452a00000,0x000000f452b00000)]
  0x000002497b51f920 JavaThread "jar transforms Thread 4" [_thread_blocked, id=2028, stack(0x000000f44df00000,0x000000f44e000000)]
  0x000002497c1563a0 JavaThread "build event listener" [_thread_blocked, id=8376, stack(0x000000f452b00000,0x000000f452c00000)]
  0x000002497c153b20 JavaThread "Problems report writer" [_thread_blocked, id=20912, stack(0x000000f452c00000,0x000000f452d00000)]
  0x000002497c154540 JavaThread "Unconstrained build operations Thread 20" [_thread_blocked, id=19632, stack(0x000000f452d00000,0x000000f452e00000)]
  0x000002497c15a060 JavaThread "Exec process" [_thread_blocked, id=22888, stack(0x000000f44de00000,0x000000f44df00000)]
  0x000002497c159640 JavaThread "Exec process Thread 2" [_thread_blocked, id=18100, stack(0x000000f452e00000,0x000000f452f00000)]
  0x000002497c15a570 JavaThread "Exec process Thread 3" [_thread_blocked, id=23700, stack(0x000000f452f00000,0x000000f453000000)]

Other Threads:
  0x0000024958a2ddf0 VMThread "VM Thread" [stack: 0x000000f44e600000,0x000000f44e700000] [id=19620]
  0x0000024958ce3120 WatcherThread [stack: 0x000000f44f200000,0x000000f44f300000] [id=5952]
  0x0000024936555eb0 GCTaskThread "GC Thread#0" [stack: 0x000000f44e100000,0x000000f44e200000] [id=22852]
  0x0000024958e15a90 GCTaskThread "GC Thread#1" [stack: 0x000000f44f300000,0x000000f44f400000] [id=23728]
  0x0000024958e16b10 GCTaskThread "GC Thread#2" [stack: 0x000000f44f400000,0x000000f44f500000] [id=15968]
  0x0000024958e17090 GCTaskThread "GC Thread#3" [stack: 0x000000f44f500000,0x000000f44f600000] [id=23852]
  0x0000024936566d10 ConcurrentGCThread "G1 Main Marker" [stack: 0x000000f44e200000,0x000000f44e300000] [id=9256]
  0x0000024936568640 ConcurrentGCThread "G1 Conc#0" [stack: 0x000000f44e300000,0x000000f44e400000] [id=9448]
  0x00000249588f0c00 ConcurrentGCThread "G1 Refine#0" [stack: 0x000000f44e400000,0x000000f44e500000] [id=22228]
  0x00000249365a1120 ConcurrentGCThread "G1 Service" [stack: 0x000000f44e500000,0x000000f44e600000] [id=16080]

Threads with active compile tasks:
C2 CompilerThread0   131612 17313   !   4       org.gradle.cache.internal.DefaultFileLockManager$DefaultFileLock::doWriteAction (66 bytes)

VM state: not at safepoint (normal execution)

VM Mutex/Monitor currently owned by a thread: None

Heap address: 0x0000000700000000, size: 4096 MB, Compressed Oops mode: Zero based, Oop shift amount: 3

CDS archive(s) mapped at: [0x0000024959000000-0x0000024959bd0000-0x0000024959bd0000), size 12386304, SharedBaseAddress: 0x0000024959000000, ArchiveRelocationMode: 1.
Compressed class space mapped at: 0x000002495a000000-0x0000024974000000, reserved size: 436207616
Narrow klass base: 0x0000024959000000, Narrow klass shift: 0, Narrow klass range: 0x100000000

GC Precious Log:
 CPUs: 4 total, 4 available
 Memory: 6078M
 Large Page Support: Disabled
 NUMA Support: Disabled
 Compressed Oops: Enabled (Zero based)
 Heap Region Size: 2M
 Heap Min Capacity: 8M
 Heap Initial Capacity: 96M
 Heap Max Capacity: 4G
 Pre-touch: Disabled
 Parallel Workers: 4
 Concurrent Workers: 1
 Concurrent Refinement Workers: 4
 Periodic GC: Disabled

Heap:
 garbage-first heap   total 399360K, used 308433K [0x0000000700000000, 0x0000000800000000)
  region size 2048K, 28 young (57344K), 5 survivors (10240K)
 Metaspace       used 112931K, committed 114944K, reserved 557056K
  class space    used 15726K, committed 16704K, reserved 425984K

Heap Regions: E=young(eden), S=young(survivor), O=old, HS=humongous(starts), HC=humongous(continues), CS=collection set, F=free, OA=open archive, CA=closed archive, TAMS=top-at-mark-start (previous, next)
|   0|0x0000000700000000, 0x0000000700200000, 0x0000000700200000|100%|HS|  |TAMS 0x0000000700200000, 0x0000000700000000| Complete 
|   1|0x0000000700200000, 0x0000000700400000, 0x0000000700400000|100%|HC|  |TAMS 0x0000000700400000, 0x0000000700200000| Complete 
|   2|0x0000000700400000, 0x0000000700600000, 0x0000000700600000|100%| O|  |TAMS 0x0000000700600000, 0x0000000700400000| Untracked 
|   3|0x0000000700600000, 0x0000000700800000, 0x0000000700800000|100%| O|  |TAMS 0x0000000700800000, 0x0000000700600000| Untracked 
|   4|0x0000000700800000, 0x0000000700a00000, 0x0000000700a00000|100%| O|  |TAMS 0x0000000700a00000, 0x0000000700800000| Untracked 
|   5|0x0000000700a00000, 0x0000000700c00000, 0x0000000700c00000|100%| O|  |TAMS 0x0000000700c00000, 0x0000000700a00000| Untracked 
|   6|0x0000000700c00000, 0x0000000700e00000, 0x0000000700e00000|100%| O|  |TAMS 0x0000000700e00000, 0x0000000700c00000| Untracked 
|   7|0x0000000700e00000, 0x0000000701000000, 0x0000000701000000|100%| O|  |TAMS 0x0000000701000000, 0x0000000700e00000| Untracked 
|   8|0x0000000701000000, 0x0000000701200000, 0x0000000701200000|100%| O|  |TAMS 0x0000000701200000, 0x0000000701000000| Untracked 
|   9|0x0000000701200000, 0x00000007013b9600, 0x0000000701400000| 86%| O|  |TAMS 0x00000007013b9600, 0x0000000701200000| Untracked 
|  10|0x0000000701400000, 0x0000000701600000, 0x0000000701600000|100%| O|  |TAMS 0x0000000701600000, 0x0000000701400000| Untracked 
|  11|0x0000000701600000, 0x0000000701800000, 0x0000000701800000|100%| O|  |TAMS 0x0000000701800000, 0x0000000701600000| Untracked 
|  12|0x0000000701800000, 0x0000000701a00000, 0x0000000701a00000|100%| O|  |TAMS 0x0000000701a00000, 0x0000000701800000| Untracked 
|  13|0x0000000701a00000, 0x0000000701c00000, 0x0000000701c00000|100%| O|  |TAMS 0x0000000701c00000, 0x0000000701a00000| Untracked 
|  14|0x0000000701c00000, 0x0000000701e00000, 0x0000000701e00000|100%| O|  |TAMS 0x0000000701e00000, 0x0000000701c00000| Untracked 
|  15|0x0000000701e00000, 0x0000000702000000, 0x0000000702000000|100%| O|  |TAMS 0x0000000702000000, 0x0000000701e00000| Untracked 
|  16|0x0000000702000000, 0x0000000702200000, 0x0000000702200000|100%| O|  |TAMS 0x0000000702000000, 0x0000000702000000| Untracked 
|  17|0x0000000702200000, 0x0000000702400000, 0x0000000702400000|100%| O|  |TAMS 0x0000000702200000, 0x0000000702200000| Untracked 
|  18|0x0000000702400000, 0x0000000702600000, 0x0000000702600000|100%| O|  |TAMS 0x0000000702600000, 0x0000000702400000| Untracked 
|  19|0x0000000702600000, 0x0000000702800000, 0x0000000702800000|100%| O|  |TAMS 0x0000000702800000, 0x0000000702600000| Untracked 
|  20|0x0000000702800000, 0x0000000702a00000, 0x0000000702a00000|100%| O|  |TAMS 0x0000000702800000, 0x0000000702800000| Untracked 
|  21|0x0000000702a00000, 0x0000000702c00000, 0x0000000702c00000|100%| O|  |TAMS 0x0000000702a00000, 0x0000000702a00000| Untracked 
|  22|0x0000000702c00000, 0x0000000702e00000, 0x0000000702e00000|100%|HS|  |TAMS 0x0000000702e00000, 0x0000000702c00000| Complete 
|  23|0x0000000702e00000, 0x0000000703000000, 0x0000000703000000|100%|HC|  |TAMS 0x0000000703000000, 0x0000000702e00000| Complete 
|  24|0x0000000703000000, 0x0000000703200000, 0x0000000703200000|100%|HS|  |TAMS 0x0000000703200000, 0x0000000703000000| Complete 
|  25|0x0000000703200000, 0x0000000703400000, 0x0000000703400000|100%|HC|  |TAMS 0x0000000703400000, 0x0000000703200000| Complete 
|  26|0x0000000703400000, 0x0000000703600000, 0x0000000703600000|100%| O|  |TAMS 0x0000000703400000, 0x0000000703400000| Untracked 
|  27|0x0000000703600000, 0x0000000703800000, 0x0000000703800000|100%| O|  |TAMS 0x0000000703800000, 0x0000000703600000| Untracked 
|  28|0x0000000703800000, 0x0000000703a00000, 0x0000000703a00000|100%| O|  |TAMS 0x0000000703a00000, 0x0000000703800000| Untracked 
|  29|0x0000000703a00000, 0x0000000703c00000, 0x0000000703c00000|100%| O|  |TAMS 0x0000000703c00000, 0x0000000703a00000| Untracked 
|  30|0x0000000703c00000, 0x0000000703e00000, 0x0000000703e00000|100%| O|  |TAMS 0x0000000703e00000, 0x0000000703c00000| Untracked 
|  31|0x0000000703e00000, 0x0000000704000000, 0x0000000704000000|100%| O|  |TAMS 0x0000000703e00000, 0x0000000703e00000| Untracked 
|  32|0x0000000704000000, 0x0000000704200000, 0x0000000704200000|100%| O|  |TAMS 0x0000000704200000, 0x0000000704000000| Untracked 
|  33|0x0000000704200000, 0x0000000704400000, 0x0000000704400000|100%| O|  |TAMS 0x0000000704400000, 0x0000000704200000| Untracked 
|  34|0x0000000704400000, 0x0000000704600000, 0x0000000704600000|100%| O|  |TAMS 0x0000000704600000, 0x0000000704400000| Untracked 
|  35|0x0000000704600000, 0x0000000704800000, 0x0000000704800000|100%| O|  |TAMS 0x0000000704800000, 0x0000000704600000| Untracked 
|  36|0x0000000704800000, 0x0000000704a00000, 0x0000000704a00000|100%| O|  |TAMS 0x0000000704800000, 0x0000000704800000| Untracked 
|  37|0x0000000704a00000, 0x0000000704c00000, 0x0000000704c00000|100%| O|  |TAMS 0x0000000704c00000, 0x0000000704a00000| Untracked 
|  38|0x0000000704c00000, 0x0000000704e00000, 0x0000000704e00000|100%| O|  |TAMS 0x0000000704c00000, 0x0000000704c00000| Untracked 
|  39|0x0000000704e00000, 0x0000000705000000, 0x0000000705000000|100%| O|  |TAMS 0x0000000705000000, 0x0000000704e00000| Untracked 
|  40|0x0000000705000000, 0x0000000705200000, 0x0000000705200000|100%| O|  |TAMS 0x0000000705200000, 0x0000000705000000| Untracked 
|  41|0x0000000705200000, 0x0000000705400000, 0x0000000705400000|100%| O|  |TAMS 0x0000000705400000, 0x0000000705200000| Untracked 
|  42|0x0000000705400000, 0x0000000705600000, 0x0000000705600000|100%| O|  |TAMS 0x0000000705600000, 0x0000000705400000| Untracked 
|  43|0x0000000705600000, 0x0000000705800000, 0x0000000705800000|100%| O|  |TAMS 0x0000000705701600, 0x0000000705600000| Untracked 
|  44|0x0000000705800000, 0x0000000705a00000, 0x0000000705a00000|100%| O|  |TAMS 0x0000000705800000, 0x0000000705800000| Untracked 
|  45|0x0000000705a00000, 0x0000000705c00000, 0x0000000705c00000|100%|HS|  |TAMS 0x0000000705a00000, 0x0000000705a00000| Complete 
|  46|0x0000000705c00000, 0x0000000705e00000, 0x0000000705e00000|100%|HC|  |TAMS 0x0000000705c00000, 0x0000000705c00000| Complete 
|  47|0x0000000705e00000, 0x0000000706000000, 0x0000000706000000|100%| O|  |TAMS 0x0000000705e00000, 0x0000000705e00000| Untracked 
|  48|0x0000000706000000, 0x0000000706200000, 0x0000000706200000|100%| O|  |TAMS 0x0000000706000000, 0x0000000706000000| Untracked 
|  49|0x0000000706200000, 0x0000000706400000, 0x0000000706400000|100%| O|  |TAMS 0x0000000706200000, 0x0000000706200000| Untracked 
|  50|0x0000000706400000, 0x0000000706600000, 0x0000000706600000|100%| O|  |TAMS 0x0000000706400000, 0x0000000706400000| Untracked 
|  51|0x0000000706600000, 0x0000000706800000, 0x0000000706800000|100%| O|  |TAMS 0x0000000706600000, 0x0000000706600000| Untracked 
|  52|0x0000000706800000, 0x0000000706a00000, 0x0000000706a00000|100%| O|  |TAMS 0x0000000706800000, 0x0000000706800000| Untracked 
|  53|0x0000000706a00000, 0x0000000706c00000, 0x0000000706c00000|100%| O|  |TAMS 0x0000000706a00000, 0x0000000706a00000| Untracked 
|  54|0x0000000706c00000, 0x0000000706e00000, 0x0000000706e00000|100%| O|  |TAMS 0x0000000706c00000, 0x0000000706c00000| Untracked 
|  55|0x0000000706e00000, 0x0000000707000000, 0x0000000707000000|100%| O|  |TAMS 0x0000000706e00000, 0x0000000706e00000| Untracked 
|  56|0x0000000707000000, 0x0000000707200000, 0x0000000707200000|100%| O|  |TAMS 0x0000000707000000, 0x0000000707000000| Untracked 
|  57|0x0000000707200000, 0x0000000707400000, 0x0000000707400000|100%| O|  |TAMS 0x0000000707200000, 0x0000000707200000| Untracked 
|  58|0x0000000707400000, 0x0000000707600000, 0x0000000707600000|100%| O|  |TAMS 0x0000000707400000, 0x0000000707400000| Untracked 
|  59|0x0000000707600000, 0x0000000707800000, 0x0000000707800000|100%| O|  |TAMS 0x0000000707600000, 0x0000000707600000| Untracked 
|  60|0x0000000707800000, 0x0000000707a00000, 0x0000000707a00000|100%| O|  |TAMS 0x0000000707800000, 0x0000000707800000| Untracked 
|  61|0x0000000707a00000, 0x0000000707c00000, 0x0000000707c00000|100%| O|  |TAMS 0x0000000707a00000, 0x0000000707a00000| Untracked 
|  62|0x0000000707c00000, 0x0000000707e00000, 0x0000000707e00000|100%| O|  |TAMS 0x0000000707c00000, 0x0000000707c00000| Untracked 
|  63|0x0000000707e00000, 0x0000000708000000, 0x0000000708000000|100%| O|  |TAMS 0x0000000707e00000, 0x0000000707e00000| Untracked 
|  64|0x0000000708000000, 0x0000000708200000, 0x0000000708200000|100%| O|  |TAMS 0x0000000708000000, 0x0000000708000000| Untracked 
|  65|0x0000000708200000, 0x0000000708400000, 0x0000000708400000|100%| O|  |TAMS 0x0000000708200000, 0x0000000708200000| Untracked 
|  66|0x0000000708400000, 0x0000000708600000, 0x0000000708600000|100%| O|  |TAMS 0x0000000708400000, 0x0000000708400000| Untracked 
|  67|0x0000000708600000, 0x0000000708800000, 0x0000000708800000|100%| O|  |TAMS 0x0000000708600000, 0x0000000708600000| Untracked 
|  68|0x0000000708800000, 0x0000000708a00000, 0x0000000708a00000|100%| O|  |TAMS 0x0000000708800000, 0x0000000708800000| Untracked 
|  69|0x0000000708a00000, 0x0000000708c00000, 0x0000000708c00000|100%| O|  |TAMS 0x0000000708a00000, 0x0000000708a00000| Untracked 
|  70|0x0000000708c00000, 0x0000000708e00000, 0x0000000708e00000|100%| O|  |TAMS 0x0000000708c00000, 0x0000000708c00000| Untracked 
|  71|0x0000000708e00000, 0x0000000709000000, 0x0000000709000000|100%| O|  |TAMS 0x0000000708e00000, 0x0000000708e00000| Untracked 
|  72|0x0000000709000000, 0x0000000709200000, 0x0000000709200000|100%| O|  |TAMS 0x0000000709000000, 0x0000000709000000| Untracked 
|  73|0x0000000709200000, 0x0000000709400000, 0x0000000709400000|100%| O|  |TAMS 0x0000000709200000, 0x0000000709200000| Untracked 
|  74|0x0000000709400000, 0x0000000709600000, 0x0000000709600000|100%| O|  |TAMS 0x0000000709400000, 0x0000000709400000| Untracked 
|  75|0x0000000709600000, 0x0000000709800000, 0x0000000709800000|100%| O|  |TAMS 0x0000000709600000, 0x0000000709600000| Untracked 
|  76|0x0000000709800000, 0x0000000709a00000, 0x0000000709a00000|100%| O|  |TAMS 0x0000000709800000, 0x0000000709800000| Untracked 
|  77|0x0000000709a00000, 0x0000000709c00000, 0x0000000709c00000|100%| O|  |TAMS 0x0000000709a00000, 0x0000000709a00000| Untracked 
|  78|0x0000000709c00000, 0x0000000709e00000, 0x0000000709e00000|100%| O|  |TAMS 0x0000000709c00000, 0x0000000709c00000| Untracked 
|  79|0x0000000709e00000, 0x000000070a000000, 0x000000070a000000|100%| O|  |TAMS 0x0000000709e00000, 0x0000000709e00000| Untracked 
|  80|0x000000070a000000, 0x000000070a200000, 0x000000070a200000|100%| O|  |TAMS 0x000000070a000000, 0x000000070a000000| Untracked 
|  81|0x000000070a200000, 0x000000070a400000, 0x000000070a400000|100%| O|  |TAMS 0x000000070a200000, 0x000000070a200000| Untracked 
|  82|0x000000070a400000, 0x000000070a600000, 0x000000070a600000|100%| O|  |TAMS 0x000000070a400000, 0x000000070a400000| Untracked 
|  83|0x000000070a600000, 0x000000070a800000, 0x000000070a800000|100%| O|  |TAMS 0x000000070a600000, 0x000000070a600000| Untracked 
|  84|0x000000070a800000, 0x000000070aa00000, 0x000000070aa00000|100%| O|  |TAMS 0x000000070a800000, 0x000000070a800000| Untracked 
|  85|0x000000070aa00000, 0x000000070ac00000, 0x000000070ac00000|100%| O|  |TAMS 0x000000070aa00000, 0x000000070aa00000| Untracked 
|  86|0x000000070ac00000, 0x000000070ae00000, 0x000000070ae00000|100%| O|  |TAMS 0x000000070ac00000, 0x000000070ac00000| Untracked 
|  87|0x000000070ae00000, 0x000000070b000000, 0x000000070b000000|100%| O|  |TAMS 0x000000070ae00000, 0x000000070ae00000| Untracked 
|  88|0x000000070b000000, 0x000000070b200000, 0x000000070b200000|100%| O|  |TAMS 0x000000070b000000, 0x000000070b000000| Untracked 
|  89|0x000000070b200000, 0x000000070b400000, 0x000000070b400000|100%| O|  |TAMS 0x000000070b200000, 0x000000070b200000| Untracked 
|  90|0x000000070b400000, 0x000000070b600000, 0x000000070b600000|100%| O|  |TAMS 0x000000070b400000, 0x000000070b400000| Untracked 
|  91|0x000000070b600000, 0x000000070b800000, 0x000000070b800000|100%| O|  |TAMS 0x000000070b600000, 0x000000070b600000| Untracked 
|  92|0x000000070b800000, 0x000000070ba00000, 0x000000070ba00000|100%| O|  |TAMS 0x000000070b800000, 0x000000070b800000| Untracked 
|  93|0x000000070ba00000, 0x000000070bc00000, 0x000000070bc00000|100%| O|  |TAMS 0x000000070ba00000, 0x000000070ba00000| Untracked 
|  94|0x000000070bc00000, 0x000000070be00000, 0x000000070be00000|100%| O|  |TAMS 0x000000070bc00000, 0x000000070bc00000| Untracked 
|  95|0x000000070be00000, 0x000000070c000000, 0x000000070c000000|100%| O|  |TAMS 0x000000070be00000, 0x000000070be00000| Untracked 
|  96|0x000000070c000000, 0x000000070c200000, 0x000000070c200000|100%| O|  |TAMS 0x000000070c000000, 0x000000070c000000| Untracked 
|  97|0x000000070c200000, 0x000000070c400000, 0x000000070c400000|100%| O|  |TAMS 0x000000070c200000, 0x000000070c200000| Untracked 
|  98|0x000000070c400000, 0x000000070c600000, 0x000000070c600000|100%| O|  |TAMS 0x000000070c400000, 0x000000070c400000| Untracked 
|  99|0x000000070c600000, 0x000000070c800000, 0x000000070c800000|100%| O|  |TAMS 0x000000070c600000, 0x000000070c600000| Untracked 
| 100|0x000000070c800000, 0x000000070ca00000, 0x000000070ca00000|100%| O|  |TAMS 0x000000070c800000, 0x000000070c800000| Untracked 
| 101|0x000000070ca00000, 0x000000070cc00000, 0x000000070cc00000|100%| O|  |TAMS 0x000000070ca00000, 0x000000070ca00000| Untracked 
| 102|0x000000070cc00000, 0x000000070ce00000, 0x000000070ce00000|100%| O|  |TAMS 0x000000070cc00000, 0x000000070cc00000| Untracked 
| 103|0x000000070ce00000, 0x000000070d000000, 0x000000070d000000|100%| O|  |TAMS 0x000000070ce00000, 0x000000070ce00000| Untracked 
| 104|0x000000070d000000, 0x000000070d200000, 0x000000070d200000|100%| O|  |TAMS 0x000000070d000000, 0x000000070d000000| Untracked 
| 105|0x000000070d200000, 0x000000070d400000, 0x000000070d400000|100%| O|  |TAMS 0x000000070d200000, 0x000000070d200000| Untracked 
| 106|0x000000070d400000, 0x000000070d600000, 0x000000070d600000|100%| O|  |TAMS 0x000000070d400000, 0x000000070d400000| Untracked 
| 107|0x000000070d600000, 0x000000070d800000, 0x000000070d800000|100%| O|  |TAMS 0x000000070d600000, 0x000000070d600000| Untracked 
| 108|0x000000070d800000, 0x000000070da00000, 0x000000070da00000|100%| O|  |TAMS 0x000000070d800000, 0x000000070d800000| Untracked 
| 109|0x000000070da00000, 0x000000070dc00000, 0x000000070dc00000|100%| O|  |TAMS 0x000000070da00000, 0x000000070da00000| Untracked 
| 110|0x000000070dc00000, 0x000000070de00000, 0x000000070de00000|100%| O|  |TAMS 0x000000070dc00000, 0x000000070dc00000| Untracked 
| 111|0x000000070de00000, 0x000000070e000000, 0x000000070e000000|100%| O|  |TAMS 0x000000070de00000, 0x000000070de00000| Untracked 
| 112|0x000000070e000000, 0x000000070e200000, 0x000000070e200000|100%| O|  |TAMS 0x000000070e000000, 0x000000070e000000| Untracked 
| 113|0x000000070e200000, 0x000000070e400000, 0x000000070e400000|100%| O|  |TAMS 0x000000070e200000, 0x000000070e200000| Untracked 
| 114|0x000000070e400000, 0x000000070e600000, 0x000000070e600000|100%| O|  |TAMS 0x000000070e400000, 0x000000070e400000| Untracked 
| 115|0x000000070e600000, 0x000000070e800000, 0x000000070e800000|100%| O|  |TAMS 0x000000070e600000, 0x000000070e600000| Untracked 
| 116|0x000000070e800000, 0x000000070ea00000, 0x000000070ea00000|100%| O|  |TAMS 0x000000070e800000, 0x000000070e800000| Untracked 
| 117|0x000000070ea00000, 0x000000070ec00000, 0x000000070ec00000|100%| O|  |TAMS 0x000000070ea00000, 0x000000070ea00000| Untracked 
| 118|0x000000070ec00000, 0x000000070ee00000, 0x000000070ee00000|100%| O|  |TAMS 0x000000070ec00000, 0x000000070ec00000| Untracked 
| 119|0x000000070ee00000, 0x000000070f000000, 0x000000070f000000|100%| O|  |TAMS 0x000000070ee00000, 0x000000070ee00000| Untracked 
| 120|0x000000070f000000, 0x000000070f200000, 0x000000070f200000|100%| O|  |TAMS 0x000000070f000000, 0x000000070f000000| Untracked 
| 121|0x000000070f200000, 0x000000070f400000, 0x000000070f400000|100%| O|  |TAMS 0x000000070f200000, 0x000000070f200000| Untracked 
| 122|0x000000070f400000, 0x000000070f600000, 0x000000070f600000|100%|HS|  |TAMS 0x000000070f400000, 0x000000070f400000| Complete 
| 123|0x000000070f600000, 0x000000070f800000, 0x000000070f800000|100%| O|  |TAMS 0x000000070f600000, 0x000000070f600000| Untracked 
| 124|0x000000070f800000, 0x000000070fa00000, 0x000000070fa00000|100%| O|  |TAMS 0x000000070f800000, 0x000000070f800000| Untracked 
| 125|0x000000070fa00000, 0x000000070fa00000, 0x000000070fc00000|  0%| F|  |TAMS 0x000000070fa00000, 0x000000070fa00000| Untracked 
| 126|0x000000070fc00000, 0x000000070fc00000, 0x000000070fe00000|  0%| F|  |TAMS 0x000000070fc00000, 0x000000070fc00000| Untracked 
| 127|0x000000070fe00000, 0x000000070fe00000, 0x0000000710000000|  0%| F|  |TAMS 0x000000070fe00000, 0x000000070fe00000| Untracked 
| 128|0x0000000710000000, 0x0000000710000000, 0x0000000710200000|  0%| F|  |TAMS 0x0000000710000000, 0x0000000710000000| Untracked 
| 129|0x0000000710200000, 0x0000000710200000, 0x0000000710400000|  0%| F|  |TAMS 0x0000000710200000, 0x0000000710200000| Untracked 
| 130|0x0000000710400000, 0x0000000710400000, 0x0000000710600000|  0%| F|  |TAMS 0x0000000710400000, 0x0000000710400000| Untracked 
| 131|0x0000000710600000, 0x0000000710600000, 0x0000000710800000|  0%| F|  |TAMS 0x0000000710600000, 0x0000000710600000| Untracked 
| 132|0x0000000710800000, 0x0000000710800000, 0x0000000710a00000|  0%| F|  |TAMS 0x0000000710800000, 0x0000000710800000| Untracked 
| 133|0x0000000710a00000, 0x0000000710a00000, 0x0000000710c00000|  0%| F|  |TAMS 0x0000000710a00000, 0x0000000710a00000| Untracked 
| 134|0x0000000710c00000, 0x0000000710c00000, 0x0000000710e00000|  0%| F|  |TAMS 0x0000000710c00000, 0x0000000710c00000| Untracked 
| 135|0x0000000710e00000, 0x0000000710e00000, 0x0000000711000000|  0%| F|  |TAMS 0x0000000710e00000, 0x0000000710e00000| Untracked 
| 136|0x0000000711000000, 0x0000000711000000, 0x0000000711200000|  0%| F|  |TAMS 0x0000000711000000, 0x0000000711000000| Untracked 
| 137|0x0000000711200000, 0x0000000711200000, 0x0000000711400000|  0%| F|  |TAMS 0x0000000711200000, 0x0000000711200000| Untracked 
| 138|0x0000000711400000, 0x0000000711400000, 0x0000000711600000|  0%| F|  |TAMS 0x0000000711400000, 0x0000000711400000| Untracked 
| 139|0x0000000711600000, 0x0000000711600000, 0x0000000711800000|  0%| F|  |TAMS 0x0000000711600000, 0x0000000711600000| Untracked 
| 140|0x0000000711800000, 0x0000000711800000, 0x0000000711a00000|  0%| F|  |TAMS 0x0000000711800000, 0x0000000711800000| Untracked 
| 141|0x0000000711a00000, 0x0000000711a00000, 0x0000000711c00000|  0%| F|  |TAMS 0x0000000711a00000, 0x0000000711a00000| Untracked 
| 142|0x0000000711c00000, 0x0000000711c00000, 0x0000000711e00000|  0%| F|  |TAMS 0x0000000711c00000, 0x0000000711c00000| Untracked 
| 143|0x0000000711e00000, 0x0000000711e00000, 0x0000000712000000|  0%| F|  |TAMS 0x0000000711e00000, 0x0000000711e00000| Untracked 
| 144|0x0000000712000000, 0x0000000712000000, 0x0000000712200000|  0%| F|  |TAMS 0x0000000712000000, 0x0000000712000000| Untracked 
| 145|0x0000000712200000, 0x0000000712200000, 0x0000000712400000|  0%| F|  |TAMS 0x0000000712200000, 0x0000000712200000| Untracked 
| 146|0x0000000712400000, 0x0000000712400000, 0x0000000712600000|  0%| F|  |TAMS 0x0000000712400000, 0x0000000712400000| Untracked 
| 147|0x0000000712600000, 0x0000000712600000, 0x0000000712800000|  0%| F|  |TAMS 0x0000000712600000, 0x0000000712600000| Untracked 
| 148|0x0000000712800000, 0x0000000712800000, 0x0000000712a00000|  0%| F|  |TAMS 0x0000000712800000, 0x0000000712800000| Untracked 
| 149|0x0000000712a00000, 0x0000000712a00000, 0x0000000712c00000|  0%| F|  |TAMS 0x0000000712a00000, 0x0000000712a00000| Untracked 
| 150|0x0000000712c00000, 0x0000000712c00000, 0x0000000712e00000|  0%| F|  |TAMS 0x0000000712c00000, 0x0000000712c00000| Untracked 
| 151|0x0000000712e00000, 0x0000000712e00000, 0x0000000713000000|  0%| F|  |TAMS 0x0000000712e00000, 0x0000000712e00000| Untracked 
| 152|0x0000000713000000, 0x0000000713000000, 0x0000000713200000|  0%| F|  |TAMS 0x0000000713000000, 0x0000000713000000| Untracked 
| 153|0x0000000713200000, 0x0000000713200000, 0x0000000713400000|  0%| F|  |TAMS 0x0000000713200000, 0x0000000713200000| Untracked 
| 154|0x0000000713400000, 0x000000071357b008, 0x0000000713600000| 74%| S|CS|TAMS 0x0000000713400000, 0x0000000713400000| Complete 
| 155|0x0000000713600000, 0x0000000713800000, 0x0000000713800000|100%| S|CS|TAMS 0x0000000713600000, 0x0000000713600000| Complete 
| 156|0x0000000713800000, 0x0000000713a00000, 0x0000000713a00000|100%| S|CS|TAMS 0x0000000713800000, 0x0000000713800000| Complete 
| 157|0x0000000713a00000, 0x0000000713c00000, 0x0000000713c00000|100%| S|CS|TAMS 0x0000000713a00000, 0x0000000713a00000| Complete 
| 158|0x0000000713c00000, 0x0000000713e00000, 0x0000000713e00000|100%| S|CS|TAMS 0x0000000713c00000, 0x0000000713c00000| Complete 
| 159|0x0000000713e00000, 0x0000000713e00000, 0x0000000714000000|  0%| F|  |TAMS 0x0000000713e00000, 0x0000000713e00000| Untracked 
| 160|0x0000000714000000, 0x0000000714000000, 0x0000000714200000|  0%| F|  |TAMS 0x0000000714000000, 0x0000000714000000| Untracked 
| 161|0x0000000714200000, 0x0000000714200000, 0x0000000714400000|  0%| F|  |TAMS 0x0000000714200000, 0x0000000714200000| Untracked 
| 162|0x0000000714400000, 0x0000000714400000, 0x0000000714600000|  0%| F|  |TAMS 0x0000000714400000, 0x0000000714400000| Untracked 
| 163|0x0000000714600000, 0x0000000714600000, 0x0000000714800000|  0%| F|  |TAMS 0x0000000714600000, 0x0000000714600000| Untracked 
| 164|0x0000000714800000, 0x0000000714800000, 0x0000000714a00000|  0%| F|  |TAMS 0x0000000714800000, 0x0000000714800000| Untracked 
| 165|0x0000000714a00000, 0x0000000714a00000, 0x0000000714c00000|  0%| F|  |TAMS 0x0000000714a00000, 0x0000000714a00000| Untracked 
| 166|0x0000000714c00000, 0x0000000714c00000, 0x0000000714e00000|  0%| F|  |TAMS 0x0000000714c00000, 0x0000000714c00000| Untracked 
| 167|0x0000000714e00000, 0x0000000714e00000, 0x0000000715000000|  0%| F|  |TAMS 0x0000000714e00000, 0x0000000714e00000| Untracked 
| 168|0x0000000715000000, 0x0000000715000000, 0x0000000715200000|  0%| F|  |TAMS 0x0000000715000000, 0x0000000715000000| Untracked 
| 169|0x0000000715200000, 0x0000000715200000, 0x0000000715400000|  0%| F|  |TAMS 0x0000000715200000, 0x0000000715200000| Untracked 
| 170|0x0000000715400000, 0x0000000715400000, 0x0000000715600000|  0%| F|  |TAMS 0x0000000715400000, 0x0000000715400000| Untracked 
| 171|0x0000000715600000, 0x0000000715600000, 0x0000000715800000|  0%| F|  |TAMS 0x0000000715600000, 0x0000000715600000| Untracked 
| 172|0x0000000715800000, 0x00000007158d5b20, 0x0000000715a00000| 41%| E|  |TAMS 0x0000000715800000, 0x0000000715800000| Complete 
| 173|0x0000000715a00000, 0x0000000715c00000, 0x0000000715c00000|100%| E|CS|TAMS 0x0000000715a00000, 0x0000000715a00000| Complete 
| 174|0x0000000715c00000, 0x0000000715e00000, 0x0000000715e00000|100%| E|CS|TAMS 0x0000000715c00000, 0x0000000715c00000| Complete 
| 175|0x0000000715e00000, 0x0000000716000000, 0x0000000716000000|100%| E|CS|TAMS 0x0000000715e00000, 0x0000000715e00000| Complete 
| 176|0x0000000716000000, 0x0000000716200000, 0x0000000716200000|100%| E|CS|TAMS 0x0000000716000000, 0x0000000716000000| Complete 
| 177|0x0000000716200000, 0x0000000716400000, 0x0000000716400000|100%| E|CS|TAMS 0x0000000716200000, 0x0000000716200000| Complete 
| 178|0x0000000716400000, 0x0000000716600000, 0x0000000716600000|100%| E|CS|TAMS 0x0000000716400000, 0x0000000716400000| Complete 
| 179|0x0000000716600000, 0x0000000716800000, 0x0000000716800000|100%| E|CS|TAMS 0x0000000716600000, 0x0000000716600000| Complete 
| 180|0x0000000716800000, 0x0000000716a00000, 0x0000000716a00000|100%| E|CS|TAMS 0x0000000716800000, 0x0000000716800000| Complete 
| 181|0x0000000716a00000, 0x0000000716c00000, 0x0000000716c00000|100%| E|CS|TAMS 0x0000000716a00000, 0x0000000716a00000| Complete 
| 182|0x0000000716c00000, 0x0000000716e00000, 0x0000000716e00000|100%| E|CS|TAMS 0x0000000716c00000, 0x0000000716c00000| Complete 
| 183|0x0000000716e00000, 0x0000000717000000, 0x0000000717000000|100%| E|CS|TAMS 0x0000000716e00000, 0x0000000716e00000| Complete 
| 184|0x0000000717000000, 0x0000000717200000, 0x0000000717200000|100%| E|CS|TAMS 0x0000000717000000, 0x0000000717000000| Complete 
| 185|0x0000000717200000, 0x0000000717400000, 0x0000000717400000|100%| E|CS|TAMS 0x0000000717200000, 0x0000000717200000| Complete 
| 186|0x0000000717400000, 0x0000000717600000, 0x0000000717600000|100%| E|CS|TAMS 0x0000000717400000, 0x0000000717400000| Complete 
| 187|0x0000000717600000, 0x0000000717800000, 0x0000000717800000|100%| E|CS|TAMS 0x0000000717600000, 0x0000000717600000| Complete 
| 188|0x0000000717800000, 0x0000000717a00000, 0x0000000717a00000|100%| E|CS|TAMS 0x0000000717800000, 0x0000000717800000| Complete 
| 189|0x0000000717a00000, 0x0000000717c00000, 0x0000000717c00000|100%| E|CS|TAMS 0x0000000717a00000, 0x0000000717a00000| Complete 
| 190|0x0000000717c00000, 0x0000000717e00000, 0x0000000717e00000|100%| E|CS|TAMS 0x0000000717c00000, 0x0000000717c00000| Complete 
| 191|0x0000000717e00000, 0x0000000718000000, 0x0000000718000000|100%| E|CS|TAMS 0x0000000717e00000, 0x0000000717e00000| Complete 
| 192|0x0000000718000000, 0x0000000718200000, 0x0000000718200000|100%| E|CS|TAMS 0x0000000718000000, 0x0000000718000000| Complete 
| 193|0x0000000718200000, 0x0000000718400000, 0x0000000718400000|100%| E|CS|TAMS 0x0000000718200000, 0x0000000718200000| Complete 
| 194|0x0000000718400000, 0x0000000718600000, 0x0000000718600000|100%| E|  |TAMS 0x0000000718400000, 0x0000000718400000| Complete 

Card table byte_map: [0x000002494d5a0000,0x000002494dda0000] _byte_map_base: 0x0000024949da0000

Marking Bits (Prev, Next): (CMBitMap*) 0x00000249365563e0, (CMBitMap*) 0x0000024936556420
 Prev Bits: [0x000002494e5a0000, 0x00000249525a0000)
 Next Bits: [0x00000249525a0000, 0x00000249565a0000)

Polling page: 0x00000249346d0000

Metaspace:

Usage:
  Non-class:     94.93 MB used.
      Class:     15.36 MB used.
       Both:    110.28 MB used.

Virtual space:
  Non-class space:      128.00 MB reserved,      95.94 MB ( 75%) committed,  2 nodes.
      Class space:      416.00 MB reserved,      16.31 MB (  4%) committed,  1 nodes.
             Both:      544.00 MB reserved,     112.25 MB ( 21%) committed. 

Chunk freelists:
   Non-Class:  15.41 MB
       Class:  15.55 MB
        Both:  30.95 MB

MaxMetaspaceSize: 512.00 MB
CompressedClassSpaceSize: 416.00 MB
Initial GC threshold: 21.00 MB
Current GC threshold: 118.06 MB
CDS: on
MetaspaceReclaimPolicy: balanced
 - commit_granule_bytes: 65536.
 - commit_granule_words: 8192.
 - virtual_space_node_default_size: 8388608.
 - enlarge_chunks_in_place: 1.
 - new_chunks_are_fully_committed: 0.
 - uncommit_free_chunks: 1.
 - use_allocation_guard: 0.
 - handle_deallocations: 1.


Internal statistics:

num_allocs_failed_limit: 6.
num_arena_births: 3000.
num_arena_deaths: 0.
num_vsnodes_births: 3.
num_vsnodes_deaths: 0.
num_space_committed: 1796.
num_space_uncommitted: 0.
num_chunks_returned_to_freelist: 6.
num_chunks_taken_from_freelist: 8583.
num_chunk_merges: 6.
num_chunk_splits: 5377.
num_chunks_enlarged: 3114.
num_inconsistent_stats: 0.

CodeHeap 'non-profiled nmethods': size=120000Kb used=11100Kb max_used=11100Kb free=108899Kb
 bounds [0x0000024945870000, 0x0000024946350000, 0x000002494cda0000]
CodeHeap 'profiled nmethods': size=120000Kb used=28168Kb max_used=29279Kb free=91831Kb
 bounds [0x000002493dda0000, 0x000002493fa80000, 0x00000249452d0000]
CodeHeap 'non-nmethods': size=5760Kb used=2465Kb max_used=2534Kb free=3294Kb
 bounds [0x00000249452d0000, 0x0000024945550000, 0x0000024945870000]
 total_blobs=15282 nmethods=14278 adapters=915
 compilation: enabled
              stopped_count=0, restarted_count=0
 full_count=0

Compilation events (20 events):
Event: 129.453 Thread 0x0000024958a56450 17304       4       com.esotericsoftware.kryo.io.Input::readVarLong (329 bytes)
Event: 129.466 Thread 0x0000024958a56450 nmethod 17304 0x0000024946342690 code [0x0000024946342840, 0x0000024946342d68]
Event: 129.467 Thread 0x000002497c0ce040 nmethod 17291 0x000002494633e210 code [0x000002494633e520, 0x0000024946341390]
Event: 129.719 Thread 0x000002497c0ce040 17305       4       com.esotericsoftware.kryo.io.Output::writeLong (162 bytes)
Event: 129.732 Thread 0x000002497c0ce040 nmethod 17305 0x0000024946343110 code [0x00000249463432a0, 0x00000249463438e8]
Event: 129.818 Thread 0x0000024958a56450 17306       4       java.util.stream.StreamSupport::intStream (14 bytes)
Event: 129.827 Thread 0x0000024958a56450 nmethod 17306 0x0000024946343b10 code [0x0000024946343ca0, 0x0000024946343fb8]
Event: 129.871 Thread 0x000002497c0ce040 17307       4       java.util.stream.IntStream::range (24 bytes)
Event: 129.876 Thread 0x000002497c0ce040 nmethod 17307 0x0000024946344110 code [0x00000249463442a0, 0x0000024946344418]
Event: 129.900 Thread 0x0000024958a56450 17308       4       java.util.stream.Streams$RangeIntSpliterator::forEachRemaining (65 bytes)
Event: 129.920 Thread 0x0000024958a56450 nmethod 17308 0x0000024946344510 code [0x00000249463446c0, 0x0000024946344dc8]
Event: 130.052 Thread 0x0000024958a56450 17309       4       org.gradle.internal.serialize.kryo.KryoBackedEncoder::writeLong (9 bytes)
Event: 130.068 Thread 0x0000024958a56450 nmethod 17309 0x0000024946345210 code [0x00000249463453a0, 0x0000024946345a48]
Event: 130.701 Thread 0x0000024958a56450 17310       4       java.util.LinkedHashMap$LinkedHashIterator::remove (75 bytes)
Event: 130.706 Thread 0x0000024958a56450 nmethod 17310 0x0000024946345d10 code [0x0000024946345ea0, 0x0000024946346028]
Event: 130.780 Thread 0x0000024958a56450 17311       4       java.util.stream.Streams$RangeIntSpliterator::forEachRemaining (65 bytes)
Event: 130.801 Thread 0x0000024958a56450 nmethod 17311 0x0000024946346190 code [0x0000024946346340, 0x0000024946346a68]
Event: 130.851 Thread 0x0000024958a56450 17312       4       java.util.ArrayDeque::spliterator (9 bytes)
Event: 130.853 Thread 0x0000024958a56450 nmethod 17312 0x0000024946346e90 code [0x0000024946347020, 0x0000024946347118]
Event: 130.886 Thread 0x0000024958a56450 17313   !   4       org.gradle.cache.internal.DefaultFileLockManager$DefaultFileLock::doWriteAction (66 bytes)

GC Heap History (20 events):
Event: 113.588 GC heap before
{Heap before GC invocations=60 (full 0):
 garbage-first heap   total 331776K, used 268557K [0x0000000700000000, 0x0000000800000000)
  region size 2048K, 31 young (63488K), 3 survivors (6144K)
 Metaspace       used 110745K, committed 112448K, reserved 557056K
  class space    used 15376K, committed 16192K, reserved 425984K
}
Event: 113.599 GC heap after
{Heap after GC invocations=61 (full 0):
 garbage-first heap   total 331776K, used 214760K [0x0000000700000000, 0x0000000800000000)
  region size 2048K, 3 young (6144K), 3 survivors (6144K)
 Metaspace       used 110745K, committed 112448K, reserved 557056K
  class space    used 15376K, committed 16192K, reserved 425984K
}
Event: 119.401 GC heap before
{Heap before GC invocations=61 (full 0):
 garbage-first heap   total 331776K, used 270056K [0x0000000700000000, 0x0000000800000000)
  region size 2048K, 31 young (63488K), 3 survivors (6144K)
 Metaspace       used 111529K, committed 113344K, reserved 557056K
  class space    used 15513K, committed 16384K, reserved 425984K
}
Event: 119.420 GC heap after
{Heap after GC invocations=62 (full 0):
 garbage-first heap   total 331776K, used 225442K [0x0000000700000000, 0x0000000800000000)
  region size 2048K, 4 young (8192K), 4 survivors (8192K)
 Metaspace       used 111529K, committed 113344K, reserved 557056K
  class space    used 15513K, committed 16384K, reserved 425984K
}
Event: 122.288 GC heap before
{Heap before GC invocations=62 (full 0):
 garbage-first heap   total 331776K, used 268450K [0x0000000700000000, 0x0000000800000000)
  region size 2048K, 25 young (51200K), 4 survivors (8192K)
 Metaspace       used 112328K, committed 114240K, reserved 557056K
  class space    used 15632K, committed 16512K, reserved 425984K
}
Event: 122.315 GC heap after
{Heap after GC invocations=63 (full 0):
 garbage-first heap   total 331776K, used 233005K [0x0000000700000000, 0x0000000800000000)
  region size 2048K, 4 young (8192K), 4 survivors (8192K)
 Metaspace       used 112328K, committed 114240K, reserved 557056K
  class space    used 15632K, committed 16512K, reserved 425984K
}
Event: 124.136 GC heap before
{Heap before GC invocations=63 (full 0):
 garbage-first heap   total 331776K, used 271917K [0x0000000700000000, 0x0000000800000000)
  region size 2048K, 24 young (49152K), 4 survivors (8192K)
 Metaspace       used 112495K, committed 114432K, reserved 557056K
  class space    used 15643K, committed 16576K, reserved 425984K
}
Event: 124.169 GC heap after
{Heap after GC invocations=64 (full 0):
 garbage-first heap   total 331776K, used 240706K [0x0000000700000000, 0x0000000800000000)
  region size 2048K, 3 young (6144K), 3 survivors (6144K)
 Metaspace       used 112495K, committed 114432K, reserved 557056K
  class space    used 15643K, committed 16576K, reserved 425984K
}
Event: 125.178 GC heap before
{Heap before GC invocations=64 (full 0):
 garbage-first heap   total 331776K, used 275522K [0x0000000700000000, 0x0000000800000000)
  region size 2048K, 21 young (43008K), 3 survivors (6144K)
 Metaspace       used 112497K, committed 114432K, reserved 557056K
  class space    used 15643K, committed 16576K, reserved 425984K
}
Event: 125.200 GC heap after
{Heap after GC invocations=65 (full 0):
 garbage-first heap   total 331776K, used 244407K [0x0000000700000000, 0x0000000800000000)
  region size 2048K, 3 young (6144K), 3 survivors (6144K)
 Metaspace       used 112497K, committed 114432K, reserved 557056K
  class space    used 15643K, committed 16576K, reserved 425984K
}
Event: 126.403 GC heap before
{Heap before GC invocations=65 (full 0):
 garbage-first heap   total 331776K, used 279223K [0x0000000700000000, 0x0000000800000000)
  region size 2048K, 20 young (40960K), 3 survivors (6144K)
 Metaspace       used 112497K, committed 114432K, reserved 557056K
  class space    used 15643K, committed 16576K, reserved 425984K
}
Event: 126.411 GC heap after
{Heap after GC invocations=66 (full 0):
 garbage-first heap   total 331776K, used 245345K [0x0000000700000000, 0x0000000800000000)
  region size 2048K, 3 young (6144K), 3 survivors (6144K)
 Metaspace       used 112497K, committed 114432K, reserved 557056K
  class space    used 15643K, committed 16576K, reserved 425984K
}
Event: 126.964 GC heap before
{Heap before GC invocations=66 (full 0):
 garbage-first heap   total 331776K, used 278113K [0x0000000700000000, 0x0000000800000000)
  region size 2048K, 19 young (38912K), 3 survivors (6144K)
 Metaspace       used 112497K, committed 114432K, reserved 557056K
  class space    used 15643K, committed 16576K, reserved 425984K
}
Event: 126.972 GC heap after
{Heap after GC invocations=67 (full 0):
 garbage-first heap   total 331776K, used 246548K [0x0000000700000000, 0x0000000800000000)
  region size 2048K, 3 young (6144K), 3 survivors (6144K)
 Metaspace       used 112497K, committed 114432K, reserved 557056K
  class space    used 15643K, committed 16576K, reserved 425984K
}
Event: 127.483 GC heap before
{Heap before GC invocations=67 (full 0):
 garbage-first heap   total 331776K, used 279316K [0x0000000700000000, 0x0000000800000000)
  region size 2048K, 19 young (38912K), 3 survivors (6144K)
 Metaspace       used 112497K, committed 114432K, reserved 557056K
  class space    used 15643K, committed 16576K, reserved 425984K
}
Event: 127.490 GC heap after
{Heap after GC invocations=68 (full 0):
 garbage-first heap   total 331776K, used 247601K [0x0000000700000000, 0x0000000800000000)
  region size 2048K, 3 young (6144K), 3 survivors (6144K)
 Metaspace       used 112497K, committed 114432K, reserved 557056K
  class space    used 15643K, committed 16576K, reserved 425984K
}
Event: 128.289 GC heap before
{Heap before GC invocations=68 (full 0):
 garbage-first heap   total 331776K, used 278321K [0x0000000700000000, 0x0000000800000000)
  region size 2048K, 19 young (38912K), 3 survivors (6144K)
 Metaspace       used 112681K, committed 114560K, reserved 557056K
  class space    used 15675K, committed 16576K, reserved 425984K
}
Event: 128.304 GC heap after
{Heap after GC invocations=69 (full 0):
 garbage-first heap   total 399360K, used 254085K [0x0000000700000000, 0x0000000800000000)
  region size 2048K, 3 young (6144K), 3 survivors (6144K)
 Metaspace       used 112681K, committed 114560K, reserved 557056K
  class space    used 15675K, committed 16576K, reserved 425984K
}
Event: 130.810 GC heap before
{Heap before GC invocations=69 (full 0):
 garbage-first heap   total 399360K, used 327813K [0x0000000700000000, 0x0000000800000000)
  region size 2048K, 39 young (79872K), 3 survivors (6144K)
 Metaspace       used 112931K, committed 114944K, reserved 557056K
  class space    used 15726K, committed 16704K, reserved 425984K
}
Event: 130.827 GC heap after
{Heap after GC invocations=70 (full 0):
 garbage-first heap   total 399360K, used 265425K [0x0000000700000000, 0x0000000800000000)
  region size 2048K, 5 young (10240K), 5 survivors (10240K)
 Metaspace       used 112931K, committed 114944K, reserved 557056K
  class space    used 15726K, committed 16704K, reserved 425984K
}

Deoptimization events (20 events):
Event: 128.745 Thread 0x0000024979631820 Uncommon trap: trap_request=0xffffff76 fr.pc=0x0000024946317630 relative=0x0000000000000210
Event: 128.745 Thread 0x0000024979631820 Uncommon trap: reason=predicate action=maybe_recompile pc=0x0000024946317630 method=java.util.HashMap.keysToArray([Ljava/lang/Object;)[Ljava/lang/Object; @ 48 c2
Event: 128.745 Thread 0x0000024979631820 DEOPT PACKING pc=0x0000024946317630 sp=0x000000f44fcf7f30
Event: 128.745 Thread 0x0000024979631820 DEOPT UNPACKING pc=0x00000249453223a3 sp=0x000000f44fcf7ec8 mode 2
Event: 129.927 Thread 0x0000024979631820 Uncommon trap: trap_request=0xffffffbe fr.pc=0x0000024946344c6c relative=0x00000000000005ac
Event: 129.927 Thread 0x0000024979631820 Uncommon trap: reason=profile_predicate action=maybe_recompile pc=0x0000024946344c6c method=java.util.stream.Streams$RangeIntSpliterator.forEachRemaining(Ljava/util/function/IntConsumer;)V @ 36 c2
Event: 129.927 Thread 0x0000024979631820 DEOPT PACKING pc=0x0000024946344c6c sp=0x000000f44fcf7090
Event: 129.927 Thread 0x0000024979631820 DEOPT UNPACKING pc=0x00000249453223a3 sp=0x000000f44fcf7050 mode 2
Event: 129.931 Thread 0x000002497baa7df0 Uncommon trap: trap_request=0xffffffbe fr.pc=0x0000024946344c6c relative=0x00000000000005ac
Event: 129.931 Thread 0x000002497baa7df0 Uncommon trap: reason=profile_predicate action=maybe_recompile pc=0x0000024946344c6c method=java.util.stream.Streams$RangeIntSpliterator.forEachRemaining(Ljava/util/function/IntConsumer;)V @ 36 c2
Event: 129.931 Thread 0x000002497baa7df0 DEOPT PACKING pc=0x0000024946344c6c sp=0x000000f4510fd560
Event: 129.931 Thread 0x000002497baa7df0 DEOPT UNPACKING pc=0x00000249453223a3 sp=0x000000f4510fd520 mode 2
Event: 129.935 Thread 0x0000024979631820 Uncommon trap: trap_request=0xffffffbe fr.pc=0x0000024946344c6c relative=0x00000000000005ac
Event: 129.935 Thread 0x0000024979631820 Uncommon trap: reason=profile_predicate action=maybe_recompile pc=0x0000024946344c6c method=java.util.stream.Streams$RangeIntSpliterator.forEachRemaining(Ljava/util/function/IntConsumer;)V @ 36 c2
Event: 129.935 Thread 0x0000024979631820 DEOPT PACKING pc=0x0000024946344c6c sp=0x000000f44fcf7090
Event: 129.935 Thread 0x0000024979631820 DEOPT UNPACKING pc=0x00000249453223a3 sp=0x000000f44fcf7050 mode 2
Event: 129.943 Thread 0x000002497baa7df0 Uncommon trap: trap_request=0xffffffbe fr.pc=0x0000024946344c6c relative=0x00000000000005ac
Event: 129.943 Thread 0x000002497baa7df0 Uncommon trap: reason=profile_predicate action=maybe_recompile pc=0x0000024946344c6c method=java.util.stream.Streams$RangeIntSpliterator.forEachRemaining(Ljava/util/function/IntConsumer;)V @ 36 c2
Event: 129.943 Thread 0x000002497baa7df0 DEOPT PACKING pc=0x0000024946344c6c sp=0x000000f4510fd560
Event: 129.943 Thread 0x000002497baa7df0 DEOPT UNPACKING pc=0x00000249453223a3 sp=0x000000f4510fd520 mode 2

Classes unloaded (0 events):
No events

Classes redefined (0 events):
No events

Internal exceptions (20 events):
Event: 122.054 Thread 0x0000024979631820 Exception <a 'java/lang/NoSuchMethodError'{0x0000000711da3f88}: 'long java.lang.invoke.DirectMethodHandle$Holder.invokeStatic(java.lang.Object, java.lang.Object, int)'> (0x0000000711da3f88) 
thrown [s\open\src\hotspot\share\interpreter\linkResolver.cpp, line 759]
Event: 122.056 Thread 0x0000024979631820 Exception <a 'java/lang/NoSuchMethodError'{0x0000000711db3b20}: 'int java.lang.invoke.DelegatingMethodHandle$Holder.reinvoke_L(java.lang.Object, java.lang.Object, long)'> (0x0000000711db3b20) 
thrown [s\open\src\hotspot\share\interpreter\linkResolver.cpp, line 759]
Event: 122.423 Thread 0x0000024979631820 Exception <a 'java/lang/ClassNotFoundException'{0x00000007143eec88}: com/android/build/gradle/internal/api/LibraryVariantImpl_DecoratedBeanInfo> (0x00000007143eec88) 
thrown [s\open\src\hotspot\share\classfile\systemDictionary.cpp, line 256]
Event: 122.428 Thread 0x0000024979631820 Exception <a 'java/lang/ClassNotFoundException'{0x0000000714004da8}: com/android/build/gradle/internal/api/LibraryVariantImplBeanInfo> (0x0000000714004da8) 
thrown [s\open\src\hotspot\share\classfile\systemDictionary.cpp, line 256]
Event: 122.431 Thread 0x0000024979631820 Exception <a 'java/lang/ClassNotFoundException'{0x000000071401aa68}: com/android/build/gradle/internal/api/LibraryVariantImplCustomizer> (0x000000071401aa68) 
thrown [s\open\src\hotspot\share\classfile\systemDictionary.cpp, line 256]
Event: 122.435 Thread 0x0000024979631820 Exception <a 'java/lang/ClassNotFoundException'{0x0000000714047490}: com/android/build/gradle/internal/api/LibraryVariantImpl_DecoratedCustomizer> (0x0000000714047490) 
thrown [s\open\src\hotspot\share\classfile\systemDictionary.cpp, line 256]
Event: 122.987 Thread 0x0000024979631820 Exception <a 'java/lang/ClassNotFoundException'{0x0000000713456e48}: com/android/build/gradle/tasks/ExternalNativeBuildTask_DecoratedBeanInfo> (0x0000000713456e48) 
thrown [s\open\src\hotspot\share\classfile\systemDictionary.cpp, line 256]
Event: 122.988 Thread 0x0000024979631820 Exception <a 'java/lang/ClassNotFoundException'{0x0000000713468af0}: com/android/build/gradle/tasks/ExternalNativeBuildTaskBeanInfo> (0x0000000713468af0) 
thrown [s\open\src\hotspot\share\classfile\systemDictionary.cpp, line 256]
Event: 122.993 Thread 0x0000024979631820 Exception <a 'java/lang/ClassNotFoundException'{0x000000071347a338}: com/android/build/gradle/tasks/ExternalNativeBuildTaskCustomizer> (0x000000071347a338) 
thrown [s\open\src\hotspot\share\classfile\systemDictionary.cpp, line 256]
Event: 122.998 Thread 0x0000024979631820 Exception <a 'java/lang/ClassNotFoundException'{0x000000071349dee8}: com/android/build/gradle/tasks/ExternalNativeBuildTask_DecoratedCustomizer> (0x000000071349dee8) 
thrown [s\open\src\hotspot\share\classfile\systemDictionary.cpp, line 256]
Event: 123.088 Thread 0x0000024979631820 Exception <a 'java/lang/ClassNotFoundException'{0x0000000713575da0}: build_ep67zm418oqycsx8gy9vpntnBeanInfo> (0x0000000713575da0) 
thrown [s\open\src\hotspot\share\classfile\systemDictionary.cpp, line 256]
Event: 123.090 Thread 0x0000024979631820 Exception <a 'java/lang/ClassNotFoundException'{0x000000071357d468}: build_ep67zm418oqycsx8gy9vpntnCustomizer> (0x000000071357d468) 
thrown [s\open\src\hotspot\share\classfile\systemDictionary.cpp, line 256]
Event: 127.858 Thread 0x0000024979631820 Exception <a 'java/lang/ClassNotFoundException'{0x0000000712e95e98}: build_ep67zm418oqycsx8gy9vpntnBeanInfo> (0x0000000712e95e98) 
thrown [s\open\src\hotspot\share\classfile\systemDictionary.cpp, line 256]
Event: 127.860 Thread 0x0000024979631820 Exception <a 'java/lang/ClassNotFoundException'{0x0000000712e9d500}: build_ep67zm418oqycsx8gy9vpntnCustomizer> (0x0000000712e9d500) 
thrown [s\open\src\hotspot\share\classfile\systemDictionary.cpp, line 256]
Event: 128.436 Thread 0x0000024979631820 Exception <a 'java/lang/ClassNotFoundException'{0x00000007182de430}: build_ep67zm418oqycsx8gy9vpntn$_run_closure1BeanInfo> (0x00000007182de430) 
thrown [s\open\src\hotspot\share\classfile\systemDictionary.cpp, line 256]
Event: 128.439 Thread 0x0000024979631820 Exception <a 'java/lang/ClassNotFoundException'{0x00000007182ec200}: build_ep67zm418oqycsx8gy9vpntn$_run_closure1Customizer> (0x00000007182ec200) 
thrown [s\open\src\hotspot\share\classfile\systemDictionary.cpp, line 256]
Event: 129.141 Thread 0x0000024979631820 Exception <a 'java/lang/ClassNotFoundException'{0x000000071763d510}: build_ahggjc2jkg6r6fhp94wku9e6zBeanInfo> (0x000000071763d510) 
thrown [s\open\src\hotspot\share\classfile\systemDictionary.cpp, line 256]
Event: 129.143 Thread 0x0000024979631820 Exception <a 'java/lang/ClassNotFoundException'{0x0000000717644c00}: build_ahggjc2jkg6r6fhp94wku9e6zCustomizer> (0x0000000717644c00) 
thrown [s\open\src\hotspot\share\classfile\systemDictionary.cpp, line 256]
Event: 129.188 Thread 0x0000024979631820 Exception <a 'java/lang/ClassNotFoundException'{0x00000007176c70f8}: build_ahggjc2jkg6r6fhp94wku9e6z$_run_closure1BeanInfo> (0x00000007176c70f8) 
thrown [s\open\src\hotspot\share\classfile\systemDictionary.cpp, line 256]
Event: 129.189 Thread 0x0000024979631820 Exception <a 'java/lang/ClassNotFoundException'{0x00000007176cfdc0}: build_ahggjc2jkg6r6fhp94wku9e6z$_run_closure1Customizer> (0x00000007176cfdc0) 
thrown [s\open\src\hotspot\share\classfile\systemDictionary.cpp, line 256]

VM Operations (20 events):
Event: 124.136 Executing VM operation: G1CollectForAllocation
Event: 124.170 Executing VM operation: G1CollectForAllocation done
Event: 125.175 Executing VM operation: Cleanup
Event: 125.176 Executing VM operation: Cleanup done
Event: 125.178 Executing VM operation: G1CollectForAllocation
Event: 125.200 Executing VM operation: G1CollectForAllocation done
Event: 126.403 Executing VM operation: G1CollectForAllocation
Event: 126.412 Executing VM operation: G1CollectForAllocation done
Event: 126.964 Executing VM operation: G1CollectForAllocation
Event: 126.972 Executing VM operation: G1CollectForAllocation done
Event: 127.483 Executing VM operation: G1CollectForAllocation
Event: 127.490 Executing VM operation: G1CollectForAllocation done
Event: 128.288 Executing VM operation: G1CollectForAllocation
Event: 128.304 Executing VM operation: G1CollectForAllocation done
Event: 129.305 Executing VM operation: Cleanup
Event: 129.305 Executing VM operation: Cleanup done
Event: 130.318 Executing VM operation: Cleanup
Event: 130.318 Executing VM operation: Cleanup done
Event: 130.810 Executing VM operation: G1CollectForAllocation
Event: 130.827 Executing VM operation: G1CollectForAllocation done

Events (20 events):
Event: 120.878 loading class java/util/regex/MatcherBeanInfo done
Event: 120.880 loading class java/util/regex/MatcherBeanInfo
Event: 120.880 loading class java/util/regex/MatcherBeanInfo done
Event: 120.880 loading class java/util/regex/MatcherCustomizer
Event: 120.880 loading class java/util/regex/MatcherCustomizer done
Event: 120.882 loading class java/util/regex/MatcherCustomizer
Event: 120.882 loading class java/util/regex/MatcherCustomizer done
Event: 122.044 loading class java/io/Console
Event: 122.045 loading class java/io/Console done
Event: 122.046 loading class java/lang/SystemBeanInfo
Event: 122.046 loading class java/lang/SystemBeanInfo done
Event: 122.048 loading class java/lang/SystemBeanInfo
Event: 122.048 loading class java/lang/SystemBeanInfo done
Event: 122.048 loading class java/lang/SystemCustomizer
Event: 122.048 loading class java/lang/SystemCustomizer done
Event: 122.049 loading class java/lang/SystemCustomizer
Event: 122.049 loading class java/lang/SystemCustomizer done
Event: 124.383 Thread 0x000002497c0ce040 Thread exited: 0x000002497c0ce040
Event: 128.044 Thread 0x000002497c0ce040 Thread added: 0x000002497c0ce040
Event: 130.052 Thread 0x000002497c0ce040 Thread exited: 0x000002497c0ce040


Dynamic libraries:
0x00007ff712c40000 - 0x00007ff712c50000 	C:\Program Files\Java\jdk-17\bin\java.exe
0x00007ffea7b60000 - 0x00007ffea7dc6000 	C:\WINDOWS\SYSTEM32\ntdll.dll
0x00007ffea6a00000 - 0x00007ffea6ac9000 	C:\WINDOWS\System32\KERNEL32.DLL
0x00007ffea5080000 - 0x00007ffea5480000 	C:\WINDOWS\System32\KERNELBASE.dll
0x00007ffea4ef0000 - 0x00007ffea503c000 	C:\WINDOWS\System32\ucrtbase.dll
0x00007ffe6fb10000 - 0x00007ffe6fb29000 	C:\Program Files\Java\jdk-17\bin\jli.dll
0x00007ffea7160000 - 0x00007ffea7217000 	C:\WINDOWS\System32\ADVAPI32.dll
0x00007ffea6c70000 - 0x00007ffea6d19000 	C:\WINDOWS\System32\msvcrt.dll
0x00007ffea6870000 - 0x00007ffea691a000 	C:\WINDOWS\System32\sechost.dll
0x00007ffea6560000 - 0x00007ffea6678000 	C:\WINDOWS\System32\RPCRT4.dll
0x00007ffe671f0000 - 0x00007ffe6720b000 	C:\Program Files\Java\jdk-17\bin\VCRUNTIME140.dll
0x00007ffea6d20000 - 0x00007ffea6ee7000 	C:\WINDOWS\System32\USER32.dll
0x00007ffea5050000 - 0x00007ffea5077000 	C:\WINDOWS\System32\win32u.dll
0x00007ffea7220000 - 0x00007ffea724b000 	C:\WINDOWS\System32\GDI32.dll
0x00007ffea5760000 - 0x00007ffea5889000 	C:\WINDOWS\System32\gdi32full.dll
0x00007ffea4e40000 - 0x00007ffea4ee3000 	C:\WINDOWS\System32\msvcp_win.dll
0x00007ffe90c40000 - 0x00007ffe90ed2000 	C:\WINDOWS\WinSxS\amd64_microsoft.windows.common-controls_6595b64144ccf1df_6.0.26100.8737_none_3e092eaee333b772\COMCTL32.dll
0x00007ffe9ea20000 - 0x00007ffe9ea2b000 	C:\WINDOWS\SYSTEM32\VERSION.dll
0x00007ffea70d0000 - 0x00007ffea7102000 	C:\WINDOWS\System32\IMM32.DLL
0x00007ffe7a950000 - 0x00007ffe7a95c000 	C:\Program Files\Java\jdk-17\bin\vcruntime140_1.dll
0x00007ffe007e0000 - 0x00007ffe0086e000 	C:\Program Files\Java\jdk-17\bin\msvcp140.dll
0x00007ffdf6040000 - 0x00007ffdf6c20000 	C:\Program Files\Java\jdk-17\bin\server\jvm.dll
0x00007ffea72e0000 - 0x00007ffea72e8000 	C:\WINDOWS\System32\PSAPI.DLL
0x00007ffe83a40000 - 0x00007ffe83a4a000 	C:\WINDOWS\SYSTEM32\WSOCK32.dll
0x00007ffea6720000 - 0x00007ffea67a0000 	C:\WINDOWS\System32\WS2_32.dll
0x00007ffe9e9e0000 - 0x00007ffe9ea16000 	C:\WINDOWS\SYSTEM32\WINMM.dll
0x00007ffea3a60000 - 0x00007ffea3a7b000 	C:\WINDOWS\SYSTEM32\kernel.appcore.dll
0x00007ffe7a410000 - 0x00007ffe7a41a000 	C:\Program Files\Java\jdk-17\bin\jimage.dll
0x00007ffea23f0000 - 0x00007ffea2632000 	C:\WINDOWS\SYSTEM32\DBGHELP.DLL
0x00007ffea5890000 - 0x00007ffea5c13000 	C:\WINDOWS\System32\combase.dll
0x00007ffea6920000 - 0x00007ffea69f9000 	C:\WINDOWS\System32\OLEAUT32.dll
0x00007ffe91d00000 - 0x00007ffe91d3b000 	C:\WINDOWS\SYSTEM32\dbgcore.DLL
0x00007ffea56a0000 - 0x00007ffea574c000 	C:\WINDOWS\System32\bcryptPrimitives.dll
0x00007ffe804f0000 - 0x00007ffe804fe000 	C:\Program Files\Java\jdk-17\bin\instrument.dll
0x00007ffe5c7d0000 - 0x00007ffe5c7f5000 	C:\Program Files\Java\jdk-17\bin\java.dll
0x00007ffe00700000 - 0x00007ffe007d7000 	C:\Program Files\Java\jdk-17\bin\jsvml.dll
0x00007ffea5dc0000 - 0x00007ffea6552000 	C:\WINDOWS\System32\SHELL32.dll
0x00007ffea2810000 - 0x00007ffea30a2000 	C:\WINDOWS\SYSTEM32\windows.storage.dll
0x00007ffea6ad0000 - 0x00007ffea6bc7000 	C:\WINDOWS\System32\SHCORE.dll
0x00007ffea7060000 - 0x00007ffea70c7000 	C:\WINDOWS\System32\shlwapi.dll
0x00007ffea4ca0000 - 0x00007ffea4cc9000 	C:\WINDOWS\SYSTEM32\profapi.dll
0x00007ffe597f0000 - 0x00007ffe59808000 	C:\Program Files\Java\jdk-17\bin\zip.dll
0x00007ffe649c0000 - 0x00007ffe649d9000 	C:\Program Files\Java\jdk-17\bin\net.dll
0x00007ffe9a070000 - 0x00007ffe9a199000 	C:\WINDOWS\SYSTEM32\WINHTTP.dll
0x00007ffea4010000 - 0x00007ffea407c000 	C:\WINDOWS\system32\mswsock.dll
0x00007ffe5cee0000 - 0x00007ffe5cef6000 	C:\Program Files\Java\jdk-17\bin\nio.dll
0x00007ffe88c70000 - 0x00007ffe88c80000 	C:\Program Files\Java\jdk-17\bin\verify.dll
0x00007ffe72af0000 - 0x00007ffe72b17000 	C:\Users\haris\.gradle\native\1def1411415f61bf3af743bc5b6707747c0891f09f0c88961ee8f79bc544acac\windows-amd64\native-platform.dll
0x00007ffe55590000 - 0x00007ffe55607000 	C:\Users\haris\.gradle\native\0.2.8\x86_64-windows-gnu\gradle-fileevents.dll
0x00007ffe84050000 - 0x00007ffe8405a000 	C:\Program Files\Java\jdk-17\bin\management.dll
0x00007ffe83d40000 - 0x00007ffe83d4b000 	C:\Program Files\Java\jdk-17\bin\management_ext.dll
0x00007ffea3540000 - 0x00007ffea3573000 	C:\WINDOWS\SYSTEM32\IPHLPAPI.DLL
0x00007ffea6bd0000 - 0x00007ffea6bda000 	C:\WINDOWS\System32\NSI.dll
0x00007ffe9a240000 - 0x00007ffe9a25d000 	C:\WINDOWS\SYSTEM32\dhcpcsvc6.DLL
0x00007ffe9a210000 - 0x00007ffe9a235000 	C:\WINDOWS\SYSTEM32\dhcpcsvc.DLL
0x00007ffea3580000 - 0x00007ffea36d5000 	C:\WINDOWS\SYSTEM32\DNSAPI.dll
0x00007ffea3df0000 - 0x00007ffea3dfd000 	C:\WINDOWS\SYSTEM32\DSPARSE.dll
0x00007ffea4310000 - 0x00007ffea432b000 	C:\WINDOWS\SYSTEM32\CRYPTSP.dll
0x00007ffea39c0000 - 0x00007ffea39f9000 	C:\WINDOWS\system32\rsaenh.dll
0x00007ffea40d0000 - 0x00007ffea4102000 	C:\WINDOWS\SYSTEM32\USERENV.dll
0x00007ffea4c70000 - 0x00007ffea4c9a000 	C:\WINDOWS\SYSTEM32\bcrypt.dll
0x00007ffea4330000 - 0x00007ffea433c000 	C:\WINDOWS\SYSTEM32\CRYPTBASE.dll
0x00007ffe8b260000 - 0x00007ffe8b26e000 	C:\Program Files\Java\jdk-17\bin\sunmscapi.dll
0x00007ffea5520000 - 0x00007ffea5698000 	C:\WINDOWS\System32\CRYPT32.dll
0x00007ffea4550000 - 0x00007ffea4580000 	C:\WINDOWS\SYSTEM32\ncrypt.dll
0x00007ffea4500000 - 0x00007ffea453f000 	C:\WINDOWS\SYSTEM32\NTASN1.dll
0x00007ffe9c640000 - 0x00007ffe9c648000 	C:\WINDOWS\system32\wshunix.dll

dbghelp: loaded successfully - version: 4.0.5 - missing functions: none
symbol engine: initialized successfully - sym options: 0x614 - pdb path: .;C:\Program Files\Java\jdk-17\bin;C:\WINDOWS\SYSTEM32;C:\WINDOWS\WinSxS\amd64_microsoft.windows.common-controls_6595b64144ccf1df_6.0.26100.8737_none_3e092eaee333b772;C:\Program Files\Java\jdk-17\bin\server;C:\Users\haris\.gradle\native\1def1411415f61bf3af743bc5b6707747c0891f09f0c88961ee8f79bc544acac\windows-amd64;C:\Users\haris\.gradle\native\0.2.8\x86_64-windows-gnu

VM Arguments:
jvm_args: --add-opens=java.base/java.lang=ALL-UNNAMED --add-opens=java.base/java.lang.invoke=ALL-UNNAMED --add-opens=java.base/java.util=ALL-UNNAMED --add-opens=java.prefs/java.util.prefs=ALL-UNNAMED --add-exports=jdk.compiler/com.sun.tools.javac.api=ALL-UNNAMED --add-exports=jdk.compiler/com.sun.tools.javac.util=ALL-UNNAMED --add-opens=java.base/java.util=ALL-UNNAMED --add-opens=java.prefs/java.util.prefs=ALL-UNNAMED --add-opens=java.base/java.nio.charset=ALL-UNNAMED --add-opens=java.base/java.net=ALL-UNNAMED --add-opens=java.base/java.util.concurrent=ALL-UNNAMED --add-opens=java.base/java.util.concurrent.atomic=ALL-UNNAMED --add-opens=java.xml/javax.xml.namespace=ALL-UNNAMED -XX:MaxMetaspaceSize=512m -Xmx4096m -Dfile.encoding=windows-1252 -Duser.country=US -Duser.language=en -Duser.variant -javaagent:C:\Users\haris\.gradle\wrapper\dists\gradle-9.0.0-bin\d6wjpkvcgsg3oed0qlfss3wgl\gradle-9.0.0\lib\agents\gradle-instrumentation-agent-9.0.0.jar 
java_command: org.gradle.launcher.daemon.bootstrap.GradleDaemon 9.0.0
java_class_path (initial): C:\Users\haris\.gradle\wrapper\dists\gradle-9.0.0-bin\d6wjpkvcgsg3oed0qlfss3wgl\gradle-9.0.0\lib\gradle-daemon-main-9.0.0.jar
Launcher Type: SUN_STANDARD

[Global flags]
     intx CICompilerCount                          = 3                                         {product} {ergonomic}
   size_t CompressedClassSpaceSize                 = 436207616                                 {product} {ergonomic}
     uint ConcGCThreads                            = 1                                         {product} {ergonomic}
     uint G1ConcRefinementThreads                  = 4                                         {product} {ergonomic}
   size_t G1HeapRegionSize                         = 2097152                                   {product} {ergonomic}
    uintx GCDrainStackTargetSize                   = 64                                        {product} {ergonomic}
   size_t InitialHeapSize                          = 100663296                                 {product} {ergonomic}
   size_t MarkStackSize                            = 4194304                                   {product} {ergonomic}
   size_t MaxHeapSize                              = 4294967296                                {product} {command line}
   size_t MaxMetaspaceSize                         = 536870912                                 {product} {command line}
   size_t MaxNewSize                               = 2575302656                                {product} {ergonomic}
   size_t MinHeapDeltaBytes                        = 2097152                                   {product} {ergonomic}
   size_t MinHeapSize                              = 8388608                                   {product} {ergonomic}
    uintx NonNMethodCodeHeapSize                   = 5832780                                {pd product} {ergonomic}
    uintx NonProfiledCodeHeapSize                  = 122912730                              {pd product} {ergonomic}
    uintx ProfiledCodeHeapSize                     = 122912730                              {pd product} {ergonomic}
    uintx ReservedCodeCacheSize                    = 251658240                              {pd product} {ergonomic}
     bool SegmentedCodeCache                       = true                                      {product} {ergonomic}
   size_t SoftMaxHeapSize                          = 4294967296                             {manageable} {ergonomic}
     bool UseCompressedClassPointers               = true                           {product lp64_product} {ergonomic}
     bool UseCompressedOops                        = true                           {product lp64_product} {ergonomic}
     bool UseG1GC                                  = true                                      {product} {ergonomic}
     bool UseLargePagesIndividualAllocation        = false                                  {pd product} {ergonomic}

Logging:
Log output configuration:
 #0: stdout all=warning uptime,level,tags
 #1: stderr all=off uptime,level,tags

Environment Variables:
JAVA_HOME=C:\Program Files\Java\jdk-17
PATH=D:\vite_react_to_react_native_cli_android_and_web\Admin\node_modules\.bin;D:\vite_react_to_react_native_cli_android_and_web\node_modules\.bin;D:\node_modules\.bin;C:\Users\haris\AppData\Roaming\npm\node_modules\npm\node_modules\@npmcli\run-script\lib\node-gyp-bin;C:\Python314\Scripts\;C:\Python314\;C:\Program Files\Common Files\Oracle\Java\javapath;C:\WINDOWS\system32;C:\WINDOWS;C:\WINDOWS\System32\Wbem;C:\WINDOWS\System32\WindowsPowerShell\v1.0\;C:\WINDOWS\System32\OpenSSH\;C:\Program Files\Java\jdk-21\bin;C:\Program Files\Git\cmd;C:\ProgramData\chocolatey\bin;C:\Program Files\nodejs\;C:\Program Files\Docker\Docker\resources\bin;C:\Users\haris\AppData\Local\pnpm;C:\Users\haris\AppData\Local\Android\Sdk\tools;C:\Users\haris\AppData\Local\jdk-11.0.2\bin;C:\Users\haris\AppData\Local\Microsoft\WindowsApps;C:\src\flutter\bin;C:\Users\haris\AppData\Local\Programs\Microsoft VS Code\bin;C:\Users\haris\AppData\Local\Android\Sdk\platform-tools;C:\Users\haris\AppData\Local\Android\Sdk\emulator;C:\Program Files\heroku\bin;C:\Users\haris\AppData\Roaming\npm;C:\Users\haris\AppData\Local\Programs\Antigravity\bin;C:\xampp\php
USERNAME=haris
OS=Windows_NT
PROCESSOR_IDENTIFIER=AMD64 Family 23 Model 24 Stepping 1, AuthenticAMD



---------------  S Y S T E M  ---------------

OS:
 Windows 11 , 64 bit Build 26100 (10.0.26100.8737)
OS uptime: 0 days 2:53 hours
Hyper-V role detected

CPU: total 4 (initial active 4) (4 cores per cpu, 2 threads per core) family 23 model 24 stepping 1 microcode 0x8108109, cx8, cmov, fxsr, ht, mmx, 3dnowpref, sse, sse2, sse3, ssse3, sse4a, sse4.1, sse4.2, popcnt, lzcnt, tsc, tscinvbit, avx, avx2, aes, clmul, bmi1, bmi2, adx, sha, fma, vzeroupper, clflush, clflushopt, hv

Memory: 4k page, system-wide physical 6078M (457M free)
TotalPageFile size 24510M (AvailPageFile size 9M)
current process WorkingSet (physical memory assigned to process): 522M, peak: 572M
current process commit charge ("private bytes"): 755M, peak: 758M

vm_info: Java HotSpot(TM) 64-Bit Server VM (17.0.11+7-LTS-207) for windows-amd64 JRE (17.0.11+7-LTS-207), built on Mar 11 2024 19:01:50 by "mach5one" with MS VC++ 17.6 (VS2022)

END.
